<html>
<body>
<pre>
<h1>礦ision Build Log</h1>
<h2>Tool Versions:</h2>
IDE-Version: μVision V5.23.0.0
Copyright (C) 2017 ARM Ltd and ARM Germany GmbH. All rights reserved.
License Information: yingshi z1277294708@163.com, yingshi, LIC=14HEV-PJJ4K-109N7-EBY9D-RR77N-8NXAD
 
Tool Versions:
Toolchain:       MDK-ARM Plus  Version: 5.23
Toolchain Path:  F:\IDE\MDK\Keil_v5\ARM\ARMCC\Bin
C Compiler:      Armcc.exe V5.06 update 4 (build 422)
Assembler:       Armasm.exe V5.06 update 4 (build 422)
Linker/Locator:  ArmLink.exe V5.06 update 4 (build 422)
Library Manager: ArmAr.exe V5.06 update 4 (build 422)
Hex Converter:   FromElf.exe V5.06 update 4 (build 422)
CPU DLL:         SARMCM3.DLL V5.23
Dialog DLL:      DCM.DLL V1.15.0.0
Target DLL:      STLink\ST-LINKIII-KEIL_SWO.dll V2.0.18.0
Dialog DLL:      TCM.DLL V1.27.0.0
 
<h2>Project:</h2>
F:\STM32_Pro\ATK-2MD4850步进电机驱动器\1，程序源码\（库函数版本，适合探索者STM32F4开发板）扩展实验18 ATK-2MD4850步进电机驱动器实验\USER\USMART.uvprojx
Project File Date:  10/15/2019

<h2>Output:</h2>
*** Using Compiler 'V5.06 update 4 (build 422)', folder: 'F:\IDE\MDK\Keil_v5\ARM\ARMCC\Bin'
Build target 'USMART'
compiling driver.c...
compiling main.c...
main.c(20): warning:  #177-D: variable "i"  was declared but never referenced
  	u8 i;
main.c(21): warning:  #177-D: variable "j"  was declared but never referenced
  	int j;
main.c(22): warning:  #177-D: variable "keyval"  was declared but never referenced
  	u8 keyval;
main.c(24): warning:  #177-D: variable "RxData"  was declared but never referenced
  	long RxData=0;
main.c(25): warning:  #177-D: variable "pul"  was declared but never referenced
  	long pul=0;
main.c: 5 warnings, 0 errors
linking...
Program Size: Code=16996 RO-data=800 RW-data=388 ZI-data=1836  
FromELF: creating hex file...
"..\OBJ\USMART.axf" - 0 Error(s), 5 Warning(s).

<h2>Collection of Component include folders:</h2>
  .\RTE\_USMART
  F:\IDE\MDK\Keil_v5\ARM\PACK\Keil\STM32F4xx_DFP\1.0.8\Device\Include

<h2>Collection of Component Files used:</h2>
Build Time Elapsed:  00:00:04
</pre>
</body>
</html>
